diff --git a/Cargo.lock b/Cargo.lock
index 287d9eb..8eaf4d4 100644
--- a/Cargo.lock
+++ b/Cargo.lock
@@ -5,3 +5,7 @@ version = 4
 [[package]]
 name = "algorithms-snackpack-catalog"
 version = "0.0.0"
+
+[[package]]
+name = "prefix-sums-and-scans"
+version = "0.1.0"
diff --git a/Cargo.toml b/Cargo.toml
index cfa813f..7be7b21 100644
--- a/Cargo.toml
+++ b/Cargo.toml
@@ -6,7 +6,7 @@ rust-version.workspace = true
 publish = false
 
 [workspace]
-members = []
+members = ["topics/001-prefix-sums-and-scans"]
 resolver = "3"
 
 [workspace.package]
